MAP
  EXTENT -0.5 50.977222 0.5 51.977222
  FONTSET "fonts.txt"
  IMAGECOLOR 255 255 255
  IMAGETYPE gtiffx
  SYMBOLSET "symbols.txt"
  SIZE 200 200
  STATUS ON
  UNITS METERS
  NAME "Testing"

  OUTPUTFORMAT
    NAME gtiffx
    MIMETYPE image/tiff
    DRIVER GDAL/GTiff
    EXTENSION tif
    IMAGEMODE RGB
    TRANSPARENT FALSE
  END

  PROJECTION
    "init=epsg:4326"
  END
  LEGEND
      IMAGECOLOR 255 255 255
    KEYSIZE 20 10
    KEYSPACING 5 5
    LABEL
      SIZE MEDIUM
      TYPE BITMAP
      BUFFER 0
      COLOR 0 0 0
      FORCE FALSE
      MINDISTANCE -1
      MINFEATURESIZE -1
      OFFSET 0 0
      PARTIALS TRUE
      POSITION CC
    END
    POSITION LL
    STATUS OFF
  END

  QUERYMAP
      COLOR 255 255 0
    SIZE -1 -1
    STATUS OFF
    STYLE HILITE
  END

  SCALEBAR
      BACKGROUNDCOLOR 255 255 255
      COLOR 0 0 0
    IMAGECOLOR 242 255 195
    INTERVALS 4
    LABEL
      SIZE TINY
      TYPE BITMAP
      BUFFER 10
      COLOR 0 0 0
      FORCE FALSE
      MINDISTANCE -1
      MINFEATURESIZE -1
      OFFSET 0 0
      PARTIALS TRUE
      POSITION UR
    END
    POSITION LR
    POSTLABELCACHE TRUE
    SIZE 150 3
    STATUS EMBED
    STYLE 0
    TRANSPARENT TRUE
    UNITS METERS
  END

  WEB
    IMAGEPATH ""
    IMAGEURL ""
      METADATA
        "key1"	"value1"
        "key2"	"value2"
        "key3"	"value3"
        "key4"	"value4"
      END
    QUERYFORMAT text/html
  END

  LAYER
    CLASSITEM "FNAME"
    DATA "polygon"
      METADATA
        "key1"	"value1"
        "key2"	"value2"
        "key3"	"value3"
        "key4"	"value4"
      END
    NAME "POLYGON"
    PROJECTION
      "init=epsg:4326"
    END
    SIZEUNITS PIXELS
    STATUS DEFAULT
    TOLERANCE 0
    TOLERANCEUNITS PIXELS
    TYPE POLYGON
    UNITS METERS
    CLASS
      NAME "0"
      METADATA
        "key1"	"value1"
        "key2"	"value2"
        "key3"	"value3"
        "key4"	"value4"
      END
      STYLE
          COLOR 255 153 102
        MAXSIZE 100
        MINSIZE 1
          OUTLINECOLOR 0 0 204
        SIZE 2
        SYMBOL 1
      END
    END
    CLASS
      NAME "1"
      EXPRESSION "foo"
      METADATA
      END
      STYLE
          COLOR 255 153 102
        MAXSIZE 100
        MINSIZE 1
          OUTLINECOLOR 0 0 204
        SIZE 2
        SYMBOL 1
      END
    END
  END

  LAYER
    CLASSITEM "FNAME"
    DATA "line"
      METADATA
      END
    NAME "LINE"
    PROJECTION
      "init=epsg:4326"
    END
    SIZEUNITS PIXELS
    STATUS DEFAULT
    TOLERANCE 0
    TOLERANCEUNITS PIXELS
    TYPE LINE
    UNITS METERS
    CLASS
      NAME "0"
      METADATA
      END
      STYLE
          COLOR 0 153 0
        MAXSIZE 100
        MINSIZE 1
        SIZE 3
        SYMBOL 1
      END
    END
    CLASS
      NAME "1"
      EXPRESSION "foo"
      METADATA
      END
      STYLE
          COLOR 0 153 0
        MAXSIZE 100
        MINSIZE 1
        SIZE 3
        SYMBOL 1
      END
    END
  END

  LAYER
    CLASSITEM "FNAME"
    DATA "point"
    LABELITEM "FNAME"
      METADATA
      END
    NAME "POINT"
    PROJECTION
      "init=epsg:4326"
    END
    SIZEUNITS PIXELS
    STATUS DEFAULT
    TOLERANCE 0
    TOLERANCEUNITS PIXELS
    TYPE POINT
    UNITS METERS
    CLASS
      NAME "0"
      LABEL
        ANGLE 0.000000
        ANTIALIAS TRUE
        FONT Vera
        MAXSIZE 256
        MINSIZE 4
        SIZE 10
        TYPE TRUETYPE
        BUFFER 0
        COLOR 0 0 0
        FORCE FALSE
        MINDISTANCE -1
        MINFEATURESIZE -1
        OFFSET 0 0
        PARTIALS TRUE
        POSITION CC
      END
      METADATA
      END
      STYLE
          COLOR 0 0 0
        MAXSIZE 100
        MINSIZE 1
        SIZE 13
        SYMBOL 1
      END
      STYLE
          COLOR 204 204 204
        MAXSIZE 100
        MINSIZE 1
        SIZE 7
        SYMBOL 1
      END
    END
    CLASS
      NAME "1"
      EXPRESSION "foo"
      METADATA
      END
      STYLE
          COLOR 0 0 0
        MAXSIZE 100
        MINSIZE 1
        SIZE 13
        SYMBOL 1
      END
    END
  END

  LAYER
      METADATA
      END
    NAME "INLINE"
    PROJECTION
      "init=epsg:4326"
    END
    SIZEUNITS PIXELS
    STATUS DEFAULT
    TOLERANCE 0
    TOLERANCEUNITS PIXELS
    TYPE POINT
    UNITS METERS
    CLASS
      NAME "0"
      METADATA
      END
      STYLE
          COLOR 0 0 0
        MAXSIZE 100
        MINSIZE 1
        SIZE 3
        SYMBOL 1
      END
    END
    FEATURE
      POINTS
        -0.2 51.5
      END
    END
  END

END
